---
http_interactions:
- request:
    method: post
    uri: https://gateway.sandbox.fatzebra.com.au/v1.0/web_hooks
    body:
      encoding: UTF-8
      string: '{"events":"*","mode":"Test","name":"test hook","address":"http://stage.example.com.au/v1/api/hook_listener","test":true}'
    headers:
      Accept-Encoding:
      - gzip;q=1.0,deflate;q=0.6,identity;q=0.3
      Accept:
      - application/json
      User-Agent:
      - Ruby
      Authorization:
      - Basic VEVTVDpURVNU
      Content-Type:
      - application/json
  response:
    status:
      code: 200
      message: OK
    headers:
      Date:
      - Mon, 29 Apr 2019 09:20:37 GMT
      Content-Type:
      - application/json; charset=utf-8
      Transfer-Encoding:
      - chunked
      Connection:
      - keep-alive
      Status:
      - 200 OK
      Cache-Control:
      - no-store
      X-Request-Version:
      - 1.16.9-3941@c1d8236
      X-Runtime:
      - '0.036300'
      Pragma:
      - no-cache
      X-Request-Id:
      - b8971d99786309886bf6c324
      X-Backend:
      - sbox-priv-gateway-a
    body:
      encoding: UTF-8
      string: '{"successful":true,"response":{"address":"http://stage.example.com.au/v1/api/hook_listener","events":"*","mode":"Test","authentication_username":null,"authentication_password":"","is_active":null,"name":"test
        hook","id":"071-WH-AJDNL1B9"},"errors":[],"test":true}'
    http_version: 
  recorded_at: Mon, 29 Apr 2019 09:20:37 GMT
- request:
    method: post
    uri: https://gateway.sandbox.fatzebra.com.au/v1.0/web_hooks
    body:
      encoding: UTF-8
      string: '{"events":"*","mode":"Test","name":"test hook","address":"http://stage.example.com.au/v1/api/hook_listener","test":true}'
    headers:
      Accept-Encoding:
      - gzip;q=1.0,deflate;q=0.6,identity;q=0.3
      Accept:
      - application/json
      User-Agent:
      - Ruby
      Authorization:
      - Basic VEVTVDpURVNU
      Content-Type:
      - application/json
  response:
    status:
      code: 200
      message: OK
    headers:
      Date:
      - Mon, 29 Apr 2019 09:20:37 GMT
      Content-Type:
      - application/json; charset=utf-8
      Transfer-Encoding:
      - chunked
      Connection:
      - keep-alive
      Status:
      - 200 OK
      Cache-Control:
      - no-store
      X-Request-Version:
      - 1.16.9-3941@c1d8236
      X-Runtime:
      - '0.035056'
      Pragma:
      - no-cache
      X-Request-Id:
      - 53d64f88105ff5b8b777934c
      X-Backend:
      - sbox-priv-gateway-a
    body:
      encoding: UTF-8
      string: '{"successful":true,"response":{"address":"http://stage.example.com.au/v1/api/hook_listener","events":"*","mode":"Test","authentication_username":null,"authentication_password":"","is_active":null,"name":"test
        hook","id":"071-WH-GVPQIPSU"},"errors":[],"test":true}'
    http_version: 
  recorded_at: Mon, 29 Apr 2019 09:20:37 GMT
- request:
    method: get
    uri: https://gateway.sandbox.fatzebra.com.au/v1.0/web_hooks?limit=10&offset=0&test=true
    body:
      encoding: US-ASCII
      string: ''
    headers:
      Accept-Encoding:
      - gzip;q=1.0,deflate;q=0.6,identity;q=0.3
      Accept:
      - application/json
      User-Agent:
      - Ruby
      Host:
      - gateway.sandbox.fatzebra.com.au
      Authorization:
      - Basic VEVTVDpURVNU
      Content-Type:
      - application/json
  response:
    status:
      code: 200
      message: OK
    headers:
      Date:
      - Mon, 29 Apr 2019 09:20:37 GMT
      Content-Type:
      - application/json; charset=utf-8
      Transfer-Encoding:
      - chunked
      Connection:
      - keep-alive
      Status:
      - 200 OK
      Cache-Control:
      - no-store
      X-Request-Version:
      - 1.16.9-3941@c1d8236
      X-Runtime:
      - '0.042891'
      Pragma:
      - no-cache
      X-Request-Id:
      - 97be6fe8ef3be29cdf59c390
      X-Backend:
      - sbox-priv-gateway-a
    body:
      encoding: UTF-8
      string: '{"successful":true,"response":[{"address":"https://nosnch.in/cc300bb516","events":"*","mode":"Test","authentication_username":null,"authentication_password":"","is_active":true,"name":"Test","id":"071-WH-3W2KM1L3"},{"address":"http://stage.example.com.au/v1/api/hook_listener","events":"*","mode":"Test","authentication_username":null,"authentication_password":"","is_active":null,"name":"test
        hook","id":"071-WH-59WBB09S"},{"address":"http://stage.example.com.au/v1/api/hook_listener","events":"*","mode":"Test","authentication_username":null,"authentication_password":"","is_active":null,"name":"test
        hook","id":"071-WH-B4PU09SR"},{"address":"http://stage.example.com.au/v1/api/hook_listener","events":"*","mode":"Test","authentication_username":null,"authentication_password":"","is_active":null,"name":"test
        hook","id":"071-WH-BDGKELWC"},{"address":"http://stage.example.com.au/v1/api/hook_listener","events":"*","mode":"Test","authentication_username":null,"authentication_password":"","is_active":null,"name":"test
        hook","id":"071-WH-1K3BR0FQ"},{"address":"http://requestbin.pmnts-sandbox.io/15itqsp1","events":"*","mode":"Test","authentication_username":"pmnts","authentication_password":"******","is_active":true,"name":"Test","id":"071-WH-17G8TV1C"},{"address":"http://stage.example.com.au/v1/api/hook_listener","events":"*","mode":"Test","authentication_username":null,"authentication_password":"","is_active":null,"name":"test
        hook","id":"071-WH-H4GJOG0N"},{"address":"http://stage.example.com.au/v1/api/hook_listener","events":"*","mode":"Test","authentication_username":null,"authentication_password":"","is_active":null,"name":"test
        hook","id":"071-WH-VTOHWEW3"},{"address":"http://stage.example.com.au/v1/api/hook_listener","events":"*","mode":"Test","authentication_username":null,"authentication_password":"","is_active":null,"name":"test
        hook","id":"071-WH-5W9QOBWP"},{"address":"http://stage.example.com.au/v1/api/hook_listener","events":"*","mode":"Test","authentication_username":null,"authentication_password":"","is_active":null,"name":"test
        hook","id":"071-WH-AJDNL1B9"},{"address":"http://stage.example.com.au/v1/api/hook_listener","events":"*","mode":"Test","authentication_username":null,"authentication_password":"","is_active":null,"name":"test
        hook","id":"071-WH-GVPQIPSU"},{"address":"http://stage.example.com.au/v1/api/hook_listener","events":"*","mode":"Test","authentication_username":null,"authentication_password":"","is_active":null,"name":"test
        hook","id":"071-WH-5UWU3B16"},{"address":"http://stage.example.com.au/v1/api/hook_listener","events":"*","mode":"Test","authentication_username":null,"authentication_password":"","is_active":null,"name":"test
        hook","id":"071-WH-SJ5IMZ0O"},{"address":"http://stage.example.com.au/v1/api/hook_listener","events":"*","mode":"Test","authentication_username":null,"authentication_password":"","is_active":null,"name":"test
        hook","id":"071-WH-65P737MQ"},{"address":"http://stage.example.com.au/v1/api/hook_listener","events":"*","mode":"Test","authentication_username":null,"authentication_password":"","is_active":null,"name":"test
        hook","id":"071-WH-ID3H5FKN"},{"address":"http://stage.example.com.au/v1/api/hook_listener","events":"*","mode":"Test","authentication_username":null,"authentication_password":"","is_active":null,"name":"test
        hook","id":"071-WH-QW5S2ZZH"},{"address":"http://stage.example.com.au/v1/api/hook_listener","events":"*","mode":"Test","authentication_username":null,"authentication_password":"","is_active":null,"name":"test
        hook","id":"071-WH-4LUQFJWC"},{"address":"http://stage.example.com.au/v1/api/hook_listener","events":"*","mode":"Test","authentication_username":null,"authentication_password":"","is_active":null,"name":"test
        hook","id":"071-WH-RXF8W7I7"},{"address":"http://stage.example.com.au/v1/api/hook_listener","events":"*","mode":"Test","authentication_username":null,"authentication_password":"","is_active":null,"name":"test
        hook","id":"071-WH-W0USUJ2M"},{"address":"http://stage.example.com.au/v1/api/hook_listener","events":"*","mode":"Test","authentication_username":null,"authentication_password":"","is_active":null,"name":"test
        hook","id":"071-WH-SQ0PZMZE"},{"address":"http://stage.example.com.au/v1/api/hook_listener","events":"*","mode":"Test","authentication_username":null,"authentication_password":"","is_active":null,"name":"test
        hook","id":"071-WH-1OVBGYE1"},{"address":"http://stage.example.com.au/v1/api/hook_listener","events":"*","mode":"Test","authentication_username":null,"authentication_password":"","is_active":null,"name":"test
        hook","id":"071-WH-YO64KR3X"},{"address":"http://stage.example.com.au/v1/api/hook_listener","events":"*","mode":"Test","authentication_username":null,"authentication_password":"","is_active":null,"name":"test
        hook","id":"071-WH-HBWDF8EM"},{"address":"http://stage.example.com.au/v1/api/hook_listener","events":"*","mode":"Test","authentication_username":null,"authentication_password":"","is_active":null,"name":"test
        hook","id":"071-WH-4U0O3LQ3"},{"address":"http://stage.example.com.au/v1/api/hook_listener","events":"*","mode":"Test","authentication_username":null,"authentication_password":"","is_active":null,"name":"test
        hook","id":"071-WH-JCLJC427"},{"address":"http://stage.example.com.au/v1/api/hook_listener","events":"*","mode":"Test","authentication_username":null,"authentication_password":"","is_active":null,"name":"test
        hook","id":"071-WH-XID631NJ"},{"address":"http://stage.example.com.au/v1/api/hook_listener","events":"*","mode":"Test","authentication_username":null,"authentication_password":"","is_active":null,"name":"test
        hook","id":"071-WH-NVXD7G34"},{"address":"http://stage.example.com.au/v1/api/hook_listener","events":"*","mode":"Test","authentication_username":null,"authentication_password":"","is_active":null,"name":"New
        Test hook","id":"071-WH-8I8NRWR1"},{"address":"http://stage.example.com.au/v1/api/hook_listener","events":"*","mode":"Test","authentication_username":null,"authentication_password":"","is_active":null,"name":"New
        Test hook","id":"071-WH-H9B1G0OJ"},{"address":"http://stage.example.com.au/v1/api/hook_listener","events":"*","mode":"Test","authentication_username":null,"authentication_password":"","is_active":null,"name":"test
        hook","id":"071-WH-8ZYOZ6R7"},{"address":"http://stage.example.com.au/v1/api/hook_listener","events":"*","mode":"Test","authentication_username":null,"authentication_password":"","is_active":null,"name":"test
        hook","id":"071-WH-7H3RDH30"},{"address":"http://stage.example.com.au/v1/api/hook_listener","events":"*","mode":"Test","authentication_username":null,"authentication_password":"","is_active":null,"name":"test
        hook","id":"071-WH-78NOPBD3"},{"address":"http://stage.example.com.au/v1/api/hook_listener","events":"*","mode":"Test","authentication_username":null,"authentication_password":"","is_active":null,"name":"test
        hook","id":"071-WH-HUN8MZFS"},{"address":"http://stage.example.com.au/v1/api/hook_listener","events":"*","mode":"Test","authentication_username":null,"authentication_password":"","is_active":null,"name":"test
        hook","id":"071-WH-DK8OHKYJ"},{"address":"http://stage.example.com.au/v1/api/hook_listener","events":"*","mode":"Test","authentication_username":null,"authentication_password":"","is_active":null,"name":"test
        hook","id":"071-WH-GJTNVHDA"},{"address":"http://stage.example.com.au/v1/api/hook_listener","events":"*","mode":"Test","authentication_username":null,"authentication_password":"","is_active":null,"name":"test
        hook","id":"071-WH-P3A1D3UV"},{"address":"http://stage.example.com.au/v1/api/hook_listener","events":"*","mode":"Test","authentication_username":null,"authentication_password":"","is_active":null,"name":"New
        Test hook","id":"071-WH-KJHS8C3I"},{"address":"http://stage.example.com.au/v1/api/hook_listener","events":"*","mode":"Test","authentication_username":null,"authentication_password":"","is_active":null,"name":"New
        Test hook","id":"071-WH-1GCPXGEW"},{"address":"http://stage.example.com.au/v1/api/hook_listener","events":"*","mode":"Test","authentication_username":null,"authentication_password":"","is_active":null,"name":"test
        hook","id":"071-WH-FB5K3I7L"},{"address":"http://stage.example.com.au/v1/api/hook_listener","events":"*","mode":"Test","authentication_username":null,"authentication_password":"","is_active":null,"name":"test
        hook","id":"071-WH-EOCT20ER"},{"address":"http://stage.example.com.au/v1/api/hook_listener","events":"*","mode":"Test","authentication_username":null,"authentication_password":"","is_active":null,"name":"test
        hook","id":"071-WH-Y54NGCRI"},{"address":"http://stage.example.com.au/v1/api/hook_listener","events":"*","mode":"Test","authentication_username":null,"authentication_password":"","is_active":null,"name":"test
        hook","id":"071-WH-Y6XERW9T"},{"address":"http://stage.example.com.au/v1/api/hook_listener","events":"*","mode":"Test","authentication_username":null,"authentication_password":"","is_active":null,"name":"test
        hook","id":"071-WH-BQ6Z8QNN"},{"address":"http://stage.example.com.au/v1/api/hook_listener","events":"*","mode":"Test","authentication_username":null,"authentication_password":"","is_active":null,"name":"test
        hook","id":"071-WH-FNXJDTHV"},{"address":"http://stage.example.com.au/v1/api/hook_listener","events":"*","mode":"Test","authentication_username":null,"authentication_password":"","is_active":null,"name":"test
        hook","id":"071-WH-KY73XCEI"},{"address":"http://stage.example.com.au/v1/api/hook_listener","events":"*","mode":"Test","authentication_username":null,"authentication_password":"","is_active":null,"name":"New
        Test hook","id":"071-WH-1IT0ODXR"},{"address":"http://stage.example.com.au/v1/api/hook_listener","events":"*","mode":"Test","authentication_username":null,"authentication_password":"","is_active":null,"name":"New
        Test hook","id":"071-WH-O3JYYZP6"},{"address":"https://www.your-server.com/payment/hook","events":"*","mode":"Test","authentication_username":null,"authentication_password":"","is_active":null,"name":"Test
        Hook","id":"071-WH-7RNNJP9T"},{"address":"https://www.your-server.com/payment/hook","events":"*","mode":"Test","authentication_username":null,"authentication_password":"","is_active":null,"name":"Test
        Hook","id":"071-WH-MJZN06HT"},{"address":"http://stage.example.com.au/v1/api/hook_listener","events":"*","mode":"Test","authentication_username":null,"authentication_password":"","is_active":null,"name":"test
        hook","id":"071-WH-CQIOMJQ5"},{"address":"http://stage.example.com.au/v1/api/hook_listener","events":"*","mode":"Test","authentication_username":null,"authentication_password":"","is_active":null,"name":"test
        hook","id":"071-WH-OBDDB2M5"},{"address":"http://stage.example.com.au/v1/api/hook_listener","events":"*","mode":"Test","authentication_username":null,"authentication_password":"","is_active":null,"name":"test
        hook","id":"071-WH-5SFTPD5A"},{"address":"http://stage.example.com.au/v1/api/hook_listener","events":"*","mode":"Test","authentication_username":null,"authentication_password":"","is_active":null,"name":"test
        hook","id":"071-WH-COB7WARB"},{"address":"http://stage.example.com.au/v1/api/hook_listener","events":"*","mode":"Test","authentication_username":null,"authentication_password":"","is_active":null,"name":"test
        hook","id":"071-WH-33N0SGUL"},{"address":"http://stage.example.com.au/v1/api/hook_listener","events":"*","mode":"Test","authentication_username":null,"authentication_password":"","is_active":null,"name":"test
        hook","id":"071-WH-7UQ23Z88"},{"address":"http://stage.example.com.au/v1/api/hook_listener","events":"*","mode":"Test","authentication_username":null,"authentication_password":"","is_active":null,"name":"test
        hook","id":"071-WH-B3QYERUW"},{"address":"http://stage.example.com.au/v1/api/hook_listener","events":"*","mode":"Test","authentication_username":null,"authentication_password":"","is_active":null,"name":"New
        Test hook","id":"071-WH-FH95KX3"},{"address":"http://stage.example.com.au/v1/api/hook_listener","events":"*","mode":"Test","authentication_username":null,"authentication_password":"","is_active":null,"name":"New
        Test hook","id":"071-WH-BQ53FWKR"},{"address":"http://stage.example.com.au/v1/api/hook_listener","events":"*","mode":"Test","authentication_username":null,"authentication_password":"","is_active":null,"name":"test
        hook","id":"071-WH-8522IHPY"},{"address":"http://stage.example.com.au/v1/api/hook_listener","events":"*","mode":"Test","authentication_username":null,"authentication_password":"","is_active":null,"name":"test
        hook","id":"071-WH-UI4DDPAV"},{"address":"http://stage.example.com.au/v1/api/hook_listener","events":"*","mode":"Test","authentication_username":null,"authentication_password":"","is_active":null,"name":"test
        hook","id":"071-WH-51RDNB5C"},{"address":"http://stage.example.com.au/v1/api/hook_listener","events":"*","mode":"Test","authentication_username":null,"authentication_password":"","is_active":null,"name":"test
        hook","id":"071-WH-XRI3VWA4"},{"address":"http://stage.example.com.au/v1/api/hook_listener","events":"*","mode":"Test","authentication_username":null,"authentication_password":"","is_active":null,"name":"test
        hook","id":"071-WH-OV26VN20"},{"address":"http://stage.example.com.au/v1/api/hook_listener","events":"*","mode":"Test","authentication_username":null,"authentication_password":"","is_active":null,"name":"test
        hook","id":"071-WH-JKDV6S0Z"},{"address":"http://stage.example.com.au/v1/api/hook_listener","events":"*","mode":"Test","authentication_username":null,"authentication_password":"","is_active":null,"name":"test
        hook","id":"071-WH-IFMCIB5A"},{"address":"http://stage.example.com.au/v1/api/hook_listener","events":"*","mode":"Test","authentication_username":null,"authentication_password":"","is_active":null,"name":"New
        Test hook","id":"071-WH-IU6R12ZF"},{"address":"http://stage.example.com.au/v1/api/hook_listener","events":"*","mode":"Test","authentication_username":null,"authentication_password":"","is_active":null,"name":"New
        Test hook","id":"071-WH-1H7L5ZCI"},{"address":"https://www.your-server.com/payment/hook","events":"*","mode":"Test","authentication_username":null,"authentication_password":"","is_active":null,"name":"Test
        Hook","id":"071-WH-L6UDV1UN"},{"address":"http://stage.example.com.au/v1/api/hook_listener","events":"*","mode":"Test","authentication_username":null,"authentication_password":"","is_active":null,"name":"test
        hook","id":"071-WH-AJRIFECP"},{"address":"http://stage.example.com.au/v1/api/hook_listener","events":"*","mode":"Test","authentication_username":null,"authentication_password":"","is_active":null,"name":"test
        hook","id":"071-WH-YJ2WU6RT"},{"address":"http://stage.example.com.au/v1/api/hook_listener","events":"*","mode":"Test","authentication_username":null,"authentication_password":"","is_active":null,"name":"test
        hook","id":"071-WH-QRTVX85G"},{"address":"http://stage.example.com.au/v1/api/hook_listener","events":"*","mode":"Test","authentication_username":null,"authentication_password":"","is_active":null,"name":"test
        hook","id":"071-WH-1VHTN24O"},{"address":"http://stage.example.com.au/v1/api/hook_listener","events":"*","mode":"Test","authentication_username":null,"authentication_password":"","is_active":null,"name":"test
        hook","id":"071-WH-5Y5OZD4L"},{"address":"http://stage.example.com.au/v1/api/hook_listener","events":"*","mode":"Test","authentication_username":null,"authentication_password":"","is_active":null,"name":"test
        hook","id":"071-WH-J9NWFUMA"},{"address":"http://stage.example.com.au/v1/api/hook_listener","events":"*","mode":"Test","authentication_username":null,"authentication_password":"","is_active":null,"name":"test
        hook","id":"071-WH-I2LQBYJD"},{"address":"http://stage.example.com.au/v1/api/hook_listener","events":"*","mode":"Test","authentication_username":null,"authentication_password":"","is_active":null,"name":"New
        Test hook","id":"071-WH-1PZF9UFM"},{"address":"http://stage.example.com.au/v1/api/hook_listener","events":"*","mode":"Test","authentication_username":null,"authentication_password":"","is_active":null,"name":"New
        Test hook","id":"071-WH-HEIB7O0S"},{"address":"http://stage.example.com.au/v1/api/hook_listener","events":"*","mode":"Test","authentication_username":null,"authentication_password":"","is_active":null,"name":"test
        hook","id":"071-WH-FE6LDUM5"},{"address":"http://stage.example.com.au/v1/api/hook_listener","events":"*","mode":"Test","authentication_username":null,"authentication_password":"","is_active":null,"name":"test
        hook","id":"071-WH-Z7N1C7TM"},{"address":"http://stage.example.com.au/v1/api/hook_listener","events":"*","mode":"Test","authentication_username":null,"authentication_password":"","is_active":null,"name":"New
        Test hook","id":"071-WH-EWSTKQMJ"},{"address":"http://stage.example.com.au/v1/api/hook_listener","events":"*","mode":"Test","authentication_username":null,"authentication_password":"","is_active":null,"name":"New
        Test hook","id":"071-WH-2Y5C9ISE"},{"address":"http://stage.example.com.au/v1/api/hook_listener","events":"*","mode":"Test","authentication_username":null,"authentication_password":"","is_active":null,"name":"test
        hook","id":"071-WH-H2P1YLDR"},{"address":"http://stage.example.com.au/v1/api/hook_listener","events":"*","mode":"Test","authentication_username":null,"authentication_password":"","is_active":null,"name":"test
        hook","id":"071-WH-GYOOIN9F"},{"address":"http://stage.example.com.au/v1/api/hook_listener","events":"*","mode":"Test","authentication_username":null,"authentication_password":"","is_active":null,"name":"test
        hook","id":"071-WH-MVMY3652"},{"address":"http://stage.example.com.au/v1/api/hook_listener","events":"*","mode":"Test","authentication_username":null,"authentication_password":"","is_active":null,"name":"test
        hook","id":"071-WH-ZWMI68PR"},{"address":"http://stage.example.com.au/v1/api/hook_listener","events":"*","mode":"Test","authentication_username":null,"authentication_password":"","is_active":null,"name":"test
        hook","id":"071-WH-PXUXHDFB"},{"address":"http://stage.example.com.au/v1/api/hook_listener","events":"*","mode":"Test","authentication_username":null,"authentication_password":"","is_active":null,"name":"test
        hook","id":"071-WH-QJ8V4Y6"},{"address":"http://stage.example.com.au/v1/api/hook_listener","events":"*","mode":"Test","authentication_username":null,"authentication_password":"","is_active":null,"name":"test
        hook","id":"071-WH-884J1HQH"},{"address":"http://stage.example.com.au/v1/api/hook_listener","events":"*","mode":"Test","authentication_username":null,"authentication_password":"","is_active":null,"name":"test
        hook","id":"071-WH-RAAKULZA"},{"address":"http://stage.example.com.au/v1/api/hook_listener","events":"*","mode":"Test","authentication_username":null,"authentication_password":"","is_active":null,"name":"New
        Test hook","id":"071-WH-S7VL0Z7R"},{"address":"http://stage.example.com.au/v1/api/hook_listener","events":"*","mode":"Test","authentication_username":null,"authentication_password":"","is_active":null,"name":"New
        Test hook","id":"071-WH-UQC6KCE4"},{"address":"http://stage.example.com.au/v1/api/hook_listener","events":"*","mode":"Test","authentication_username":null,"authentication_password":"","is_active":null,"name":"test
        hook","id":"071-WH-MKHUJAGA"},{"address":"http://stage.example.com.au/v1/api/hook_listener","events":"*","mode":"Test","authentication_username":null,"authentication_password":"","is_active":null,"name":"test
        hook","id":"071-WH-FERO0FGQ"},{"address":"http://stage.example.com.au/v1/api/hook_listener","events":"*","mode":"Test","authentication_username":null,"authentication_password":"","is_active":null,"name":"test
        hook","id":"071-WH-ELD916O5"},{"address":"http://stage.example.com.au/v1/api/hook_listener","events":"*","mode":"Test","authentication_username":null,"authentication_password":"","is_active":null,"name":"test
        hook","id":"071-WH-2633UB4C"},{"address":"http://stage.example.com.au/v1/api/hook_listener","events":"*","mode":"Test","authentication_username":null,"authentication_password":"","is_active":null,"name":"test
        hook","id":"071-WH-1GLC38PA"},{"address":"http://stage.example.com.au/v1/api/hook_listener","events":"*","mode":"Test","authentication_username":null,"authentication_password":"","is_active":null,"name":"test
        hook","id":"071-WH-R04RNU4F"},{"address":"http://stage.example.com.au/v1/api/hook_listener","events":"*","mode":"Test","authentication_username":null,"authentication_password":"","is_active":null,"name":"test
        hook","id":"071-WH-9MN33BBJ"},{"address":"http://stage.example.com.au/v1/api/hook_listener","events":"*","mode":"Test","authentication_username":null,"authentication_password":"","is_active":null,"name":"test
        hook","id":"071-WH-VHBY61ZG"},{"address":"http://stage.example.com.au/v1/api/hook_listener","events":"*","mode":"Test","authentication_username":null,"authentication_password":"","is_active":null,"name":"test
        hook","id":"071-WH-IWBVZIJL"},{"address":"http://stage.example.com.au/v1/api/hook_listener","events":"*","mode":"Test","authentication_username":null,"authentication_password":"","is_active":null,"name":"test
        hook","id":"071-WH-B5RTPW8G"},{"address":"http://stage.example.com.au/v1/api/hook_listener","events":"*","mode":"Test","authentication_username":null,"authentication_password":"","is_active":null,"name":"test
        hook","id":"071-WH-5HXRYE8L"},{"address":"http://stage.example.com.au/v1/api/hook_listener","events":"*","mode":"Test","authentication_username":null,"authentication_password":"","is_active":null,"name":"test
        hook","id":"071-WH-Y5PVDD7R"},{"address":"http://stage.example.com.au/v1/api/hook_listener","events":"*","mode":"Test","authentication_username":null,"authentication_password":"","is_active":null,"name":"New
        Test hook","id":"071-WH-5AR9MJJJ"},{"address":"http://stage.example.com.au/v1/api/hook_listener","events":"*","mode":"Test","authentication_username":null,"authentication_password":"","is_active":null,"name":"New
        Test hook","id":"071-WH-99KJFHBJ"},{"address":"http://stage.example.com.au/v1/api/hook_listener","events":"*","mode":"Test","authentication_username":null,"authentication_password":"","is_active":null,"name":"test
        hook","id":"071-WH-MHJMG09"},{"address":"http://stage.example.com.au/v1/api/hook_listener","events":"*","mode":"Test","authentication_username":null,"authentication_password":"","is_active":null,"name":"test
        hook","id":"071-WH-EHA8OUN"},{"address":"http://stage.example.com.au/v1/api/hook_listener","events":"*","mode":"Test","authentication_username":null,"authentication_password":"","is_active":null,"name":"test
        hook","id":"071-WH-58JFZWN3"},{"address":"http://stage.example.com.au/v1/api/hook_listener","events":"*","mode":"Test","authentication_username":null,"authentication_password":"","is_active":null,"name":"test
        hook","id":"071-WH-WKML9ZH5"},{"address":"http://stage.example.com.au/v1/api/hook_listener","events":"*","mode":"Test","authentication_username":null,"authentication_password":"","is_active":null,"name":"test
        hook","id":"071-WH-D2447VN1"},{"address":"http://stage.example.com.au/v1/api/hook_listener","events":"*","mode":"Test","authentication_username":null,"authentication_password":"","is_active":null,"name":"test
        hook","id":"071-WH-4N1WLY1Q"},{"address":"http://stage.example.com.au/v1/api/hook_listener","events":"*","mode":"Test","authentication_username":null,"authentication_password":"","is_active":null,"name":"test
        hook","id":"071-WH-UERM4052"},{"address":"http://stage.example.com.au/v1/api/hook_listener","events":"*","mode":"Test","authentication_username":null,"authentication_password":"","is_active":null,"name":"New
        Test hook","id":"071-WH-SO8DU26D"},{"address":"http://stage.example.com.au/v1/api/hook_listener","events":"*","mode":"Test","authentication_username":null,"authentication_password":"","is_active":null,"name":"New
        Test hook","id":"071-WH-MN855CZY"},{"address":"http://stage.example.com.au/v1/api/hook_listener","events":"*","mode":"Test","authentication_username":null,"authentication_password":"","is_active":null,"name":"test
        hook","id":"071-WH-MJYI2MPK"},{"address":"http://requestbin.pmnts-sandbox.io/12xf8hq1","events":"chargeback:*","mode":"Test","authentication_username":"pmnts","authentication_password":"******","is_active":true,"name":"Chargebacks","id":"071-WH-IQITZMWZ"},{"address":"http://stage.example.com.au/v1/api/hook_listener","events":"*","mode":"Test","authentication_username":null,"authentication_password":"","is_active":null,"name":"test
        hook","id":"071-WH-T9GWRGUJ"},{"address":"http://stage.example.com.au/v1/api/hook_listener","events":"*","mode":"Test","authentication_username":null,"authentication_password":"","is_active":null,"name":"test
        hook","id":"071-WH-WNUCMF2J"},{"address":"http://stage.example.com.au/v1/api/hook_listener","events":"*","mode":"Test","authentication_username":null,"authentication_password":"","is_active":null,"name":"test
        hook","id":"071-WH-5S8OZVD"},{"address":"http://stage.example.com.au/v1/api/hook_listener","events":"*","mode":"Test","authentication_username":null,"authentication_password":"","is_active":null,"name":"test
        hook","id":"071-WH-T6UKNVSE"},{"address":"http://stage.example.com.au/v1/api/hook_listener","events":"*","mode":"Test","authentication_username":null,"authentication_password":"","is_active":null,"name":"test
        hook","id":"071-WH-RCOHFEK2"},{"address":"http://stage.example.com.au/v1/api/hook_listener","events":"*","mode":"Test","authentication_username":null,"authentication_password":"","is_active":null,"name":"test
        hook","id":"071-WH-GX528GDG"},{"address":"http://stage.example.com.au/v1/api/hook_listener","events":"*","mode":"Test","authentication_username":null,"authentication_password":"","is_active":null,"name":"New
        Test hook","id":"071-WH-5LP21F2E"},{"address":"http://stage.example.com.au/v1/api/hook_listener","events":"*","mode":"Test","authentication_username":null,"authentication_password":"","is_active":null,"name":"New
        Test hook","id":"071-WH-O46GZKRR"},{"address":"http://stage.example.com.au/v1/api/hook_listener","events":"*","mode":"Test","authentication_username":null,"authentication_password":"","is_active":null,"name":"test
        hook","id":"071-WH-G2ETIJ26"},{"address":"http://stage.example.com.au/v1/api/hook_listener","events":"*","mode":"Test","authentication_username":null,"authentication_password":"","is_active":null,"name":"test
        hook","id":"071-WH-ULA0ZNQ9"},{"address":"http://stage.example.com.au/v1/api/hook_listener","events":"*","mode":"Test","authentication_username":null,"authentication_password":"","is_active":null,"name":"test
        hook","id":"071-WH-G34SWHK5"},{"address":"http://stage.example.com.au/v1/api/hook_listener","events":"*","mode":"Test","authentication_username":null,"authentication_password":"","is_active":null,"name":"test
        hook","id":"071-WH-EW17FI36"},{"address":"http://stage.example.com.au/v1/api/hook_listener","events":"*","mode":"Test","authentication_username":null,"authentication_password":"","is_active":null,"name":"test
        hook","id":"071-WH-RTR44MQK"},{"address":"http://stage.example.com.au/v1/api/hook_listener","events":"*","mode":"Test","authentication_username":null,"authentication_password":"","is_active":null,"name":"test
        hook","id":"071-WH-2BOHCZUI"},{"address":"http://stage.example.com.au/v1/api/hook_listener","events":"*","mode":"Test","authentication_username":null,"authentication_password":"","is_active":null,"name":"test
        hook","id":"071-WH-QASOXU5Z"},{"address":"http://stage.example.com.au/v1/api/hook_listener","events":"*","mode":"Test","authentication_username":null,"authentication_password":"","is_active":null,"name":"test
        hook","id":"071-WH-WP9F36IL"},{"address":"http://stage.example.com.au/v1/api/hook_listener","events":"*","mode":"Test","authentication_username":null,"authentication_password":"","is_active":null,"name":"test
        hook","id":"071-WH-5T42PXO0"},{"address":"http://stage.example.com.au/v1/api/hook_listener","events":"*","mode":"Test","authentication_username":null,"authentication_password":"","is_active":null,"name":"test
        hook","id":"071-WH-JSAWOF8I"},{"address":"http://stage.example.com.au/v1/api/hook_listener","events":"*","mode":"Test","authentication_username":null,"authentication_password":"","is_active":null,"name":"New
        Test hook","id":"071-WH-87QV0GRB"},{"address":"http://stage.example.com.au/v1/api/hook_listener","events":"*","mode":"Test","authentication_username":null,"authentication_password":"","is_active":null,"name":"New
        Test hook","id":"071-WH-PUTITJDA"},{"address":"http://stage.example.com.au/v1/api/hook_listener","events":"*","mode":"Test","authentication_username":null,"authentication_password":"","is_active":null,"name":"test
        hook","id":"071-WH-E7I8SRMF"},{"address":"http://stage.example.com.au/v1/api/hook_listener","events":"*","mode":"Test","authentication_username":null,"authentication_password":"","is_active":null,"name":"test
        hook","id":"071-WH-VGOVU82W"},{"address":"http://stage.example.com.au/v1/api/hook_listener","events":"*","mode":"Test","authentication_username":null,"authentication_password":"","is_active":null,"name":"test
        hook","id":"071-WH-8YHLBVV5"},{"address":"http://stage.example.com.au/v1/api/hook_listener","events":"*","mode":"Test","authentication_username":null,"authentication_password":"","is_active":null,"name":"test
        hook","id":"071-WH-IOM0BGHY"},{"address":"http://stage.example.com.au/v1/api/hook_listener","events":"*","mode":"Test","authentication_username":null,"authentication_password":"","is_active":null,"name":"test
        hook","id":"071-WH-G6SJ9HHZ"},{"address":"http://stage.example.com.au/v1/api/hook_listener","events":"*","mode":"Test","authentication_username":null,"authentication_password":"","is_active":null,"name":"test
        hook","id":"071-WH-BE8J6WTV"},{"address":"http://stage.example.com.au/v1/api/hook_listener","events":"*","mode":"Test","authentication_username":null,"authentication_password":"","is_active":null,"name":"test
        hook","id":"071-WH-N69ITHIM"},{"address":"http://stage.example.com.au/v1/api/hook_listener","events":"*","mode":"Test","authentication_username":null,"authentication_password":"","is_active":null,"name":"New
        Test hook","id":"071-WH-EVZ6T0YK"},{"address":"http://stage.example.com.au/v1/api/hook_listener","events":"*","mode":"Test","authentication_username":null,"authentication_password":"","is_active":null,"name":"New
        Test hook","id":"071-WH-LPN9BZVS"},{"address":"https://www.your-server.com/payment/hook","events":"*","mode":"Test","authentication_username":"test_user","authentication_password":"*********","is_active":null,"name":"Test
        Hook","id":"071-WH-JGIDLXUF"},{"address":"https://www.your-server.com/payment/hook","events":"*","mode":"Test","authentication_username":"test_user","authentication_password":"***","is_active":null,"name":"Test
        Hook 123","id":"071-WH-V11EEUW7"}],"errors":[],"test":true}'
    http_version: 
  recorded_at: Mon, 29 Apr 2019 09:20:37 GMT
recorded_with: VCR 3.0.3
