---
http_interactions:
- request:
    method: post
    uri: https://gateway.sandbox.fatzebra.com.au/v1.0/customers
    body:
      encoding: UTF-8
      string: '{"first_name":"Harrold","last_name":"Humphries","reference":"9e43d242230da128b0cc2f78f4e3c8be","email":"hhump@test.com","ip_address":"180.200.33.181","card":{"card_holder":"Harrold
        Humphries Senior","card_number":"5123456789012346","expiry_date":"05/2023","cvv":"123"},"address":{"address":"1
        Harriet Road","city":"Kooliablin","state":"NSW","postcode":"2222","country":"Australia"},"test":true}'
    headers:
      Accept-Encoding:
      - gzip;q=1.0,deflate;q=0.6,identity;q=0.3
      Accept:
      - application/json
      User-Agent:
      - Ruby
      Authorization:
      - Basic VEVTVDpURVNU
      Content-Type:
      - application/json
  response:
    status:
      code: 200
      message: OK
    headers:
      Date:
      - Mon, 29 Apr 2019 09:17:18 GMT
      Content-Type:
      - application/json; charset=utf-8
      Transfer-Encoding:
      - chunked
      Connection:
      - keep-alive
      Status:
      - 200 OK
      Cache-Control:
      - no-store
      X-Request-Version:
      - 1.16.9-3941@c1d8236
      X-Runtime:
      - '0.472348'
      Pragma:
      - no-cache
      X-Request-Id:
      - b9400fa44e0a80dc9ba6c4e8
      X-Backend:
      - sbox-priv-gateway-a
    body:
      encoding: UTF-8
      string: '{"successful":true,"response":{"id":"071-C-FR8Z7MRO","email":null,"reference":"9e43d242230da128b0cc2f78f4e3c8be","first_name":"Harrold","last_name":"Humphries","created_at":"2019-04-29T19:17:17+10:00","address":{"address":"1
        Harriet Road","city":"Kooliablin","state":"NSW","postcode":"2222","country":"Australia"},"card_token":"hnzyok6f6a4udfdwvcr1","card_number":"512345XXXXXX2346","bank_account":null,"metadata":null},"errors":[],"test":true}'
    http_version: 
  recorded_at: Mon, 29 Apr 2019 09:17:18 GMT
- request:
    method: post
    uri: https://gateway.sandbox.fatzebra.com.au/v1.0/payment_plans
    body:
      encoding: UTF-8
      string: '{"payment_method":"Credit Card","customer":"071-C-FR8Z7MRO","reference":"766557476c1061d9bac18dbea33db453","setup_fee":0,"amount":100,"start_date":"2019-07-28","frequency":"Weekly","anniversary":5,"total_count":5,"total_amount":500,"test":true}'
    headers:
      Accept-Encoding:
      - gzip;q=1.0,deflate;q=0.6,identity;q=0.3
      Accept:
      - application/json
      User-Agent:
      - Ruby
      Authorization:
      - Basic VEVTVDpURVNU
      Content-Type:
      - application/json
  response:
    status:
      code: 201
      message: Created
    headers:
      Date:
      - Mon, 29 Apr 2019 09:17:18 GMT
      Content-Type:
      - application/json; charset=utf-8
      Transfer-Encoding:
      - chunked
      Connection:
      - keep-alive
      Status:
      - 201 Created
      Cache-Control:
      - no-store
      X-Request-Version:
      - 1.16.9-3941@c1d8236
      X-Runtime:
      - '0.287750'
      Pragma:
      - no-cache
      X-Request-Id:
      - de4cddc10e4ed9e1032c9aa7
      X-Backend:
      - sbox-priv-gateway-a
    body:
      encoding: UTF-8
      string: '{"successful":true,"response":{"id":"071-PP-8BBDOTAC","customer":"071-C-FR8Z7MRO","amount":100,"currency":null,"setup_fee":0,"frequency":"Weekly","anniversary":5,"start_date":"2019-07-28","end_date":null,"total_count":5,"total_amount":500,"payment_method":"Credit
        Card","reference":"766557476c1061d9bac18dbea33db453","description":null,"status":"Active","status_reason":"None","created_at":"2019-04-29T19:17:18+10:00","failed_payment_fee":0,"retry_interval":3,"status_change_date":null,"payments":[{"id":"071-PT-CFQHTFFF","payment_plan":"071-PP-8BBDOTAC","reference":"766557476c1061d9bac18dbea33db453-0001","amount":100,"currency":null,"scheduled_date":"2019-08-02","payment_method":"Credit
        Card","status":"Scheduled","result":null,"records":[]},{"id":"071-PT-P8TB4CKY","payment_plan":"071-PP-8BBDOTAC","reference":"766557476c1061d9bac18dbea33db453-0002","amount":100,"currency":null,"scheduled_date":"2019-08-09","payment_method":"Credit
        Card","status":"Scheduled","result":null,"records":[]},{"id":"071-PT-UJJHM5N2","payment_plan":"071-PP-8BBDOTAC","reference":"766557476c1061d9bac18dbea33db453-0003","amount":100,"currency":null,"scheduled_date":"2019-08-16","payment_method":"Credit
        Card","status":"Scheduled","result":null,"records":[]},{"id":"071-PT-QAFR0507","payment_plan":"071-PP-8BBDOTAC","reference":"766557476c1061d9bac18dbea33db453-0004","amount":100,"currency":null,"scheduled_date":"2019-08-23","payment_method":"Credit
        Card","status":"Scheduled","result":null,"records":[]},{"id":"071-PT-PDHK51CY","payment_plan":"071-PP-8BBDOTAC","reference":"766557476c1061d9bac18dbea33db453-0005","amount":100,"currency":null,"scheduled_date":"2019-08-30","payment_method":"Credit
        Card","status":"Scheduled","result":null,"records":[]}]},"errors":[],"test":true}'
    http_version: 
  recorded_at: Mon, 29 Apr 2019 09:17:18 GMT
- request:
    method: put
    uri: https://gateway.sandbox.fatzebra.com.au/v1.0/payment_plans/071-PP-8BBDOTAC
    body:
      encoding: UTF-8
      string: '{"customer":"071-C-FR8Z7MRO","amount":100,"currency":null,"setup_fee":0,"frequency":"Weekly","anniversary":5,"start_date":"2019-07-28","end_date":null,"total_count":5,"total_amount":500,"payment_method":"Credit
        Card","reference":"766557476c1061d9bac18dbea33db453","description":null,"status":"Active","status_reason":"None","created_at":"2019-04-29T19:17:18+10:00","failed_payment_fee":0,"retry_interval":3,"status_change_date":null,"payments":[{"id":"071-PT-CFQHTFFF","payment_plan":"071-PP-8BBDOTAC","reference":"766557476c1061d9bac18dbea33db453-0001","amount":100,"currency":null,"scheduled_date":"2019-08-02","payment_method":"Credit
        Card","status":"Scheduled","result":null,"records":[]},{"id":"071-PT-P8TB4CKY","payment_plan":"071-PP-8BBDOTAC","reference":"766557476c1061d9bac18dbea33db453-0002","amount":100,"currency":null,"scheduled_date":"2019-08-09","payment_method":"Credit
        Card","status":"Scheduled","result":null,"records":[]},{"id":"071-PT-UJJHM5N2","payment_plan":"071-PP-8BBDOTAC","reference":"766557476c1061d9bac18dbea33db453-0003","amount":100,"currency":null,"scheduled_date":"2019-08-16","payment_method":"Credit
        Card","status":"Scheduled","result":null,"records":[]},{"id":"071-PT-QAFR0507","payment_plan":"071-PP-8BBDOTAC","reference":"766557476c1061d9bac18dbea33db453-0004","amount":100,"currency":null,"scheduled_date":"2019-08-23","payment_method":"Credit
        Card","status":"Scheduled","result":null,"records":[]},{"id":"071-PT-PDHK51CY","payment_plan":"071-PP-8BBDOTAC","reference":"766557476c1061d9bac18dbea33db453-0005","amount":100,"currency":null,"scheduled_date":"2019-08-30","payment_method":"Credit
        Card","status":"Scheduled","result":null,"records":[]}],"new_status":"Suspended","test":true}'
    headers:
      Accept-Encoding:
      - gzip;q=1.0,deflate;q=0.6,identity;q=0.3
      Accept:
      - application/json
      User-Agent:
      - Ruby
      Authorization:
      - Basic VEVTVDpURVNU
      Content-Type:
      - application/json
  response:
    status:
      code: 200
      message: OK
    headers:
      Date:
      - Mon, 29 Apr 2019 09:17:18 GMT
      Content-Type:
      - application/json; charset=utf-8
      Transfer-Encoding:
      - chunked
      Connection:
      - keep-alive
      Status:
      - 200 OK
      Cache-Control:
      - no-store
      X-Request-Version:
      - 1.16.9-3941@c1d8236
      X-Runtime:
      - '0.134678'
      Pragma:
      - no-cache
      X-Request-Id:
      - 3ce0483c040c972323c479f2
      X-Backend:
      - sbox-priv-gateway-a
    body:
      encoding: UTF-8
      string: '{"successful":true,"response":{"id":"071-PP-8BBDOTAC","customer":"071-C-FR8Z7MRO","amount":100,"currency":null,"setup_fee":0,"frequency":"Weekly","anniversary":5,"start_date":"2019-07-28","end_date":null,"total_count":5,"total_amount":500,"payment_method":"Credit
        Card","reference":"766557476c1061d9bac18dbea33db453","description":null,"status":"Suspended","status_reason":"Other","created_at":"2019-04-29T19:17:18+10:00","failed_payment_fee":0,"retry_interval":3,"status_change_date":null,"payments":[]},"errors":[],"test":true}'
    http_version: 
  recorded_at: Mon, 29 Apr 2019 09:17:18 GMT
- request:
    method: put
    uri: https://gateway.sandbox.fatzebra.com.au/v1.0/payment_plans/071-PP-8BBDOTAC
    body:
      encoding: UTF-8
      string: '{"customer":"071-C-FR8Z7MRO","amount":100,"currency":null,"setup_fee":0,"frequency":"Weekly","anniversary":5,"start_date":"2019-07-28","end_date":null,"total_count":5,"total_amount":500,"payment_method":"Credit
        Card","reference":"766557476c1061d9bac18dbea33db453","description":null,"status":"Suspended","status_reason":"Other","created_at":"2019-04-29T19:17:18+10:00","failed_payment_fee":0,"retry_interval":3,"status_change_date":null,"payments":[],"new_status":"Active","test":true}'
    headers:
      Accept-Encoding:
      - gzip;q=1.0,deflate;q=0.6,identity;q=0.3
      Accept:
      - application/json
      User-Agent:
      - Ruby
      Authorization:
      - Basic VEVTVDpURVNU
      Content-Type:
      - application/json
  response:
    status:
      code: 200
      message: OK
    headers:
      Date:
      - Mon, 29 Apr 2019 09:17:19 GMT
      Content-Type:
      - application/json; charset=utf-8
      Transfer-Encoding:
      - chunked
      Connection:
      - keep-alive
      Status:
      - 200 OK
      Cache-Control:
      - no-store
      X-Request-Version:
      - 1.16.9-3941@c1d8236
      X-Runtime:
      - '0.260278'
      Pragma:
      - no-cache
      X-Request-Id:
      - 4d82474d16d567ea58ed5481
      X-Backend:
      - sbox-priv-gateway-a
    body:
      encoding: UTF-8
      string: '{"successful":true,"response":{"id":"071-PP-8BBDOTAC","customer":"071-C-FR8Z7MRO","amount":100,"currency":null,"setup_fee":0,"frequency":"Weekly","anniversary":5,"start_date":"2019-07-28","end_date":null,"total_count":5,"total_amount":500,"payment_method":"Credit
        Card","reference":"766557476c1061d9bac18dbea33db453","description":null,"status":"Active","status_reason":"None","created_at":"2019-04-29T19:17:18+10:00","failed_payment_fee":0,"retry_interval":3,"status_change_date":null,"payments":[{"id":"071-PT-6L5KZSFX","payment_plan":"071-PP-8BBDOTAC","reference":"766557476c1061d9bac18dbea33db453-0001","amount":100,"currency":null,"scheduled_date":"2019-08-02","payment_method":"Credit
        Card","status":"Scheduled","result":null,"records":[]},{"id":"071-PT-1PT6360","payment_plan":"071-PP-8BBDOTAC","reference":"766557476c1061d9bac18dbea33db453-0002","amount":100,"currency":null,"scheduled_date":"2019-08-09","payment_method":"Credit
        Card","status":"Scheduled","result":null,"records":[]},{"id":"071-PT-F6ZLUJ2G","payment_plan":"071-PP-8BBDOTAC","reference":"766557476c1061d9bac18dbea33db453-0003","amount":100,"currency":null,"scheduled_date":"2019-08-16","payment_method":"Credit
        Card","status":"Scheduled","result":null,"records":[]},{"id":"071-PT-IZA8FLJ8","payment_plan":"071-PP-8BBDOTAC","reference":"766557476c1061d9bac18dbea33db453-0004","amount":100,"currency":null,"scheduled_date":"2019-08-23","payment_method":"Credit
        Card","status":"Scheduled","result":null,"records":[]},{"id":"071-PT-8YGPSVBL","payment_plan":"071-PP-8BBDOTAC","reference":"766557476c1061d9bac18dbea33db453-0005","amount":100,"currency":null,"scheduled_date":"2019-08-30","payment_method":"Credit
        Card","status":"Scheduled","result":null,"records":[]}]},"errors":[],"test":true}'
    http_version: 
  recorded_at: Mon, 29 Apr 2019 09:17:19 GMT
recorded_with: VCR 3.0.3
